mavilu@yoda ~ $ R

R version 3.0.2 (2013-09-25) -- "Frisbee Sailing"
Copyright (C) 2013 The R Foundation for Statistical Computing
Platform: i686-pc-linux-gnu (32-bit)

R is free software and comes with ABSOLUTELY NO WARRANTY.
You are welcome to redistribute it under certain conditions.
Type 'license()' or 'licence()' for distribution details.

  Natural language support but running in an English locale

R is a collaborative project with many contributors.
Type 'contributors()' for more information and
'citation()' on how to cite R or R packages in publications.

Type 'demo()' for some demos, 'help()' for on-line help, or
'help.start()' for an HTML browser interface to help.
Type 'q()' to quit R.

> setwd("/home/mavilu/R_wd")
> getwd()
[1] "/home/mavilu/R_wd"
> outcome<-read.csv("progassignment3/outcome-of-care-measures.csv")
> all<-outcome[,c(2,7,11,17,41)]
> names(all)
[1] "Hospital.Name"                                             
[2] "State"                                                     
[3] "Hospital.30.Day.Death..Mortality..Rates.from.Heart.Attack" 
[4] "Hospital.30.Day.Death..Mortality..Rates.from.Heart.Failure"
[5] "Hospital.30.Day.Readmission.Rates.from.Pneumonia"          
> source("best.R")
> best("AK","heart attack")
Error in if (!state) { : missing value where TRUE/FALSE needed
In addition: Warning messages:
1: In Ops.factor(state) : ! not meaningful for factors
2: In if (!state) { :
  the condition has length > 1 and only the first element will be used
> best("AB","heart attack")
Error in if (!state) { : missing value where TRUE/FALSE needed
In addition: Warning messages:
1: In Ops.factor(state) : ! not meaningful for factors
2: In if (!state) { :
  the condition has length > 1 and only the first element will be used
> source("best1.R")
> best1("AK","heart attack")
Error: could not find function "best1"
> state<-all$State
> dim(state)
NULL
> class(state)
[1] "factor"
> levels(state)
 [1] "AK" "AL" "AR" "AZ" "CA" "CO" "CT" "DC" "DE" "FL" "GA" "GU" "HI" "IA" "ID"
[16] "IL" "IN" "KS" "KY" "LA" "MA" "MD" "ME" "MI" "MN" "MO" "MS" "MT" "NC" "ND"
[31] "NE" "NH" "NJ" "NM" "NV" "NY" "OH" "OK" "OR" "PA" "PR" "RI" "SC" "SD" "TN"
[46] "TX" "UT" "VA" "VI" "VT" "WA" "WI" "WV" "WY"
> state
   [1] AL AL AL AL AL AL AL AL AL AL AL AL AL AL AL AL AL AL AL AL AL AL AL AL
  [25] AL AL AL AL AL AL AL AL AL AL AL AL AL AL AL AL AL AL AL AL AL AL AL AL
  [49] AL AL AL AL AL AL AL AL AL AL AL AL AL AL AL AL AL AL AL AL AL AL AL AL
  [73] AL AL AL AL AL AL AL AL AL AL AL AL AL AL AL AL AL AL AL AL AL AL AL AL
  [97] AL AL AK AK AK AK AK AK AK AK AK AK AK AK AK AK AK AK AK AZ AZ AZ AZ AZ
 [121] AZ AZ AZ AZ AZ AZ AZ AZ AZ AZ AZ AZ AZ AZ AZ AZ AZ AZ AZ AZ AZ AZ AZ AZ
 [145] AZ AZ AZ AZ AZ AZ AZ AZ AZ AZ AZ AZ AZ AZ AZ AZ AZ AZ AZ AZ AZ AZ AZ AZ
 [169] AZ AZ AZ AZ AZ AZ AZ AZ AZ AZ AZ AZ AZ AZ AZ AZ AZ AZ AZ AZ AZ AZ AZ AZ
 [193] AR AR AR AR AR AR AR AR AR AR AR AR AR AR AR AR AR AR AR AR AR AR AR AR
 [217] AR AR AR AR AR AR AR AR AR AR AR AR AR AR AR AR AR AR AR AR AR AR AR AR
 [241] AR AR AR AR AR AR AR AR AR AR AR AR AR AR AR AR AR AR AR AR AR AR AR AR
 [265] AR AR AR AR AR CA CA CA CA CA CA CA CA CA CA CA CA CA CA CA CA CA CA CA
 [289] CA CA CA CA CA CA CA CA CA CA CA CA CA CA CA CA CA CA CA CA CA CA CA CA
 [313] CA CA CA CA CA CA CA CA CA CA CA CA CA CA CA CA CA CA CA CA CA CA CA CA
 [337] CA CA CA CA CA CA CA CA CA CA CA CA CA CA CA CA CA CA CA CA CA CA CA CA
 [361] CA CA CA CA CA CA CA CA CA CA CA CA CA CA CA CA CA CA CA CA CA CA CA CA
 [385] CA CA CA CA CA CA CA CA CA CA CA CA CA CA CA CA CA CA CA CA CA CA CA CA
 [409] CA CA CA CA CA CA CA CA CA CA CA CA CA CA CA CA CA CA CA CA CA CA CA CA
 [433] CA CA CA CA CA CA CA CA CA CA CA CA CA CA CA CA CA CA CA CA CA CA CA CA
 [457] CA CA CA CA CA CA CA CA CA CA CA CA CA CA CA CA CA CA CA CA CA CA CA CA
 [481] CA CA CA CA CA CA CA CA CA CA CA CA CA CA CA CA CA CA CA CA CA CA CA CA
 [505] CA CA CA CA CA CA CA CA CA CA CA CA CA CA CA CA CA CA CA CA CA CA CA CA
 [529] CA CA CA CA CA CA CA CA CA CA CA CA CA CA CA CA CA CA CA CA CA CA CA CA
 [553] CA CA CA CA CA CA CA CA CA CA CA CA CA CA CA CA CA CA CA CA CA CA CA CA
 [577] CA CA CA CA CA CA CA CA CA CA CA CA CA CA CA CA CA CA CA CA CA CA CA CA
 [601] CA CA CA CA CA CA CA CA CA CA CO CO CO CO CO CO CO CO CO CO CO CO CO CO
 [625] CO CO CO CO CO CO CO CO CO CO CO CO CO CO CO CO CO CO CO CO CO CO CO CO
 [649] CO CO CO CO CO CO CO CO CO CO CO CO CO CO CO CO CO CO CO CO CO CO CO CO
 [673] CO CO CO CO CO CO CO CO CO CO CT CT CT CT CT CT CT CT CT CT CT CT CT CT
 [697] CT CT CT CT CT CT CT CT CT CT CT CT CT CT CT CT CT CT DE DE DE DE DE DE
 [721] DC DC DC DC DC DC DC DC FL FL FL FL FL FL FL FL FL FL FL FL FL FL FL FL
 [745] FL FL FL FL FL FL FL FL FL FL FL FL FL FL FL FL FL FL FL FL FL FL FL FL
 [769] FL FL FL FL FL FL FL FL FL FL FL FL FL FL FL FL FL FL FL FL FL FL FL FL
 [793] FL FL FL FL FL FL FL FL FL FL FL FL FL FL FL FL FL FL FL FL FL FL FL FL
 [817] FL FL FL FL FL FL FL FL FL FL FL FL FL FL FL FL FL FL FL FL FL FL FL FL
 [841] FL FL FL FL FL FL FL FL FL FL FL FL FL FL FL FL FL FL FL FL FL FL FL FL
 [865] FL FL FL FL FL FL FL FL FL FL FL FL FL FL FL FL FL FL FL FL FL FL FL FL
 [889] FL FL FL FL FL FL FL FL FL FL FL FL FL FL FL FL FL FL FL FL GA GA GA GA
 [913] GA GA GA GA GA GA GA GA GA GA GA GA GA GA GA GA GA GA GA GA GA GA GA GA
 [937] GA GA GA GA GA GA GA GA GA GA GA GA GA GA GA GA GA GA GA GA GA GA GA GA
 [961] GA GA GA GA GA GA GA GA GA GA GA GA GA GA GA GA GA GA GA GA GA GA GA GA
 [985] GA GA GA GA GA GA GA GA GA GA GA GA GA GA GA GA GA GA GA GA GA GA GA GA
[1009] GA GA GA GA GA GA GA GA GA GA GA GA GA GA GA GA GA GA GA GA GA GA GA GA
[1033] GA GA GA GA GA GA GA GA HI HI HI HI HI HI HI HI HI HI HI HI HI HI HI HI
[1057] HI HI HI ID ID ID ID ID ID ID ID ID ID ID ID ID ID ID ID ID ID ID ID ID
[1081] ID ID ID ID ID ID ID ID ID IL IL IL IL IL IL IL IL IL IL IL IL IL IL IL
[1105] IL IL IL IL IL IL IL IL IL IL IL IL IL IL IL IL IL IL IL IL IL IL IL IL
[1129] IL IL IL IL IL IL IL IL IL IL IL IL IL IL IL IL IL IL IL IL IL IL IL IL
[1153] IL IL IL IL IL IL IL IL IL IL IL IL IL IL IL IL IL IL IL IL IL IL IL IL
[1177] IL IL IL IL IL IL IL IL IL IL IL IL IL IL IL IL IL IL IL IL IL IL IL IL
[1201] IL IL IL IL IL IL IL IL IL IL IL IL IL IL IL IL IL IL IL IL IL IL IL IL
[1225] IL IL IL IL IL IL IL IL IL IL IL IL IL IL IL IL IL IL IL IL IL IL IL IL
[1249] IL IL IL IL IL IL IL IL IL IL IL IL IL IL IL IL IL IL IL IL IN IN IN IN
[1273] IN IN IN IN IN IN IN IN IN IN IN IN IN IN IN IN IN IN IN IN IN IN IN IN
[1297] IN IN IN IN IN IN IN IN IN IN IN IN IN IN IN IN IN IN IN IN IN IN IN IN
[1321] IN IN IN IN IN IN IN IN IN IN IN IN IN IN IN IN IN IN IN IN IN IN IN IN
[1345] IN IN IN IN IN IN IN IN IN IN IN IN IN IN IN IN IN IN IN IN IN IN IN IN
[1369] IN IN IN IN IN IN IN IN IN IN IN IN IN IN IN IN IN IN IN IN IN IN IN IN
[1393] IA IA IA IA IA IA IA IA IA IA IA IA IA IA IA IA IA IA IA IA IA IA IA IA
[1417] IA IA IA IA IA IA IA IA IA IA IA IA IA IA IA IA IA IA IA IA IA IA IA IA
[1441] IA IA IA IA IA IA IA IA IA IA IA IA IA IA IA IA IA IA IA IA IA IA IA IA
[1465] IA IA IA IA IA IA IA IA IA IA IA IA IA IA IA IA IA IA IA IA IA IA IA IA
[1489] IA IA IA IA IA IA IA IA IA IA IA IA IA KS KS KS KS KS KS KS KS KS KS KS
[1513] KS KS KS KS KS KS KS KS KS KS KS KS KS KS KS KS KS KS KS KS KS KS KS KS
[1537] KS KS KS KS KS KS KS KS KS KS KS KS KS KS KS KS KS KS KS KS KS KS KS KS
[1561] KS KS KS KS KS KS KS KS KS KS KS KS KS KS KS KS KS KS KS KS KS KS KS KS
[1585] KS KS KS KS KS KS KS KS KS KS KS KS KS KS KS KS KS KS KS KS KS KS KS KS
[1609] KS KS KS KS KS KS KS KS KS KS KS KY KY KY KY KY KY KY KY KY KY KY KY KY
[1633] KY KY KY KY KY KY KY KY KY KY KY KY KY KY KY KY KY KY KY KY KY KY KY KY
[1657] KY KY KY KY KY KY KY KY KY KY KY KY KY KY KY KY KY KY KY KY KY KY KY KY
[1681] KY KY KY KY KY KY KY KY KY KY KY KY KY KY KY KY KY KY KY KY KY KY KY KY
[1705] KY KY KY KY KY KY KY KY KY KY KY LA LA LA LA LA LA LA LA LA LA LA LA LA
[1729] LA LA LA LA LA LA LA LA LA LA LA LA LA LA LA LA LA LA LA LA LA LA LA LA
[1753] LA LA LA LA LA LA LA LA LA LA LA LA LA LA LA LA LA LA LA LA LA LA LA LA
[1777] LA LA LA LA LA LA LA LA LA LA LA LA LA LA LA LA LA LA LA LA LA LA LA LA
[1801] LA LA LA LA LA LA LA LA LA LA LA LA LA LA LA LA LA LA LA LA LA LA LA LA
[1825] LA LA LA LA LA ME ME ME ME ME ME ME ME ME ME ME ME ME ME ME ME ME ME ME
[1849] ME ME ME ME ME ME ME ME ME ME ME ME ME ME ME ME ME ME MD MD MD MD MD MD
[1873] MD MD MD MD MD MD MD MD MD MD MD MD MD MD MD MD MD MD MD MD MD MD MD MD
[1897] MD MD MD MD MD MD MD MD MD MD MD MD MD MD MD MA MA MA MA MA MA MA MA MA
[1921] MA MA MA MA MA MA MA MA MA MA MA MA MA MA MA MA MA MA MA MA MA MA MA MA
[1945] MA MA MA MA MA MA MA MA MA MA MA MA MA MA MA MA MA MA MA MA MA MA MA MA
[1969] MA MA MA MA MA MA MA MA MA MA MA MI MI MI MI MI MI MI MI MI MI MI MI MI
[1993] MI MI MI MI MI MI MI MI MI MI MI MI MI MI MI MI MI MI MI MI MI MI MI MI
[2017] MI MI MI MI MI MI MI MI MI MI MI MI MI MI MI MI MI MI MI MI MI MI MI MI
[2041] MI MI MI MI MI MI MI MI MI MI MI MI MI MI MI MI MI MI MI MI MI MI MI MI
[2065] MI MI MI MI MI MI MI MI MI MI MI MI MI MI MI MI MI MI MI MI MI MI MI MI
[2089] MI MI MI MI MI MI MI MI MI MI MI MI MI MI MI MI MI MI MI MI MI MI MI MI
[2113] MI MN MN MN MN MN MN MN MN MN MN MN MN MN MN MN MN MN MN MN MN MN MN MN
[2137] MN MN MN MN MN MN MN MN MN MN MN MN MN MN MN MN MN MN MN MN MN MN MN MN
[2161] MN MN MN MN MN MN MN MN MN MN MN MN MN MN MN MN MN MN MN MN MN MN MN MN
[2185] MN MN MN MN MN MN MN MN MN MN MN MN MN MN MN MN MN MN MN MN MN MN MN MN
[2209] MN MN MN MN MN MN MN MN MN MN MN MN MN MN MN MN MN MN MN MN MN MN MN MN
[2233] MN MN MN MN MN MN MN MN MN MN MN MN MN MN MS MS MS MS MS MS MS MS MS MS
[2257] MS MS MS MS MS MS MS MS MS MS MS MS MS MS MS MS MS MS MS MS MS MS MS MS
[2281] MS MS MS MS MS MS MS MS MS MS MS MS MS MS MS MS MS MS MS MS MS MS MS MS
[2305] MS MS MS MS MS MS MS MS MS MS MS MS MS MS MS MS MS MS MS MS MS MS MS MS
[2329] MS MO MO MO MO MO MO MO MO MO MO MO MO MO MO MO MO MO MO MO MO MO MO MO
[2353] MO MO MO MO MO MO MO MO MO MO MO MO MO MO MO MO MO MO MO MO MO MO MO MO
[2377] MO MO MO MO MO MO MO MO MO MO MO MO MO MO MO MO MO MO MO MO MO MO MO MO
[2401] MO MO MO MO MO MO MO MO MO MO MO MO MO MO MO MO MO MO MO MO MO MO MO MO
[2425] MO MO MO MO MO MO MO MO MO MO MO MO MO MT MT MT MT MT MT MT MT MT MT MT
[2449] MT MT MT MT MT MT MT MT MT MT MT MT MT MT MT MT MT MT MT MT MT MT MT MT
[2473] MT MT MT MT MT MT MT MT MT MT MT MT MT MT MT MT MT MT MT NE NE NE NE NE
[2497] NE NE NE NE NE NE NE NE NE NE NE NE NE NE NE NE NE NE NE NE NE NE NE NE
[2521] NE NE NE NE NE NE NE NE NE NE NE NE NE NE NE NE NE NE NE NE NE NE NE NE
[2545] NE NE NE NE NE NE NE NE NE NE NE NE NE NE NE NE NE NE NE NE NE NE NE NE
[2569] NE NE NE NE NE NE NE NE NE NE NE NE NE NV NV NV NV NV NV NV NV NV NV NV
[2593] NV NV NV NV NV NV NV NV NV NV NV NV NV NV NV NV NV NH NH NH NH NH NH NH
[2617] NH NH NH NH NH NH NH NH NH NH NH NH NH NH NH NH NH NH NH NJ NJ NJ NJ NJ
[2641] NJ NJ NJ NJ NJ NJ NJ NJ NJ NJ NJ NJ NJ NJ NJ NJ NJ NJ NJ NJ NJ NJ NJ NJ
[2665] NJ NJ NJ NJ NJ NJ NJ NJ NJ NJ NJ NJ NJ NJ NJ NJ NJ NJ NJ NJ NJ NJ NJ NJ
[2689] NJ NJ NJ NJ NJ NJ NJ NJ NJ NJ NJ NJ NM NM NM NM NM NM NM NM NM NM NM NM
[2713] NM NM NM NM NM NM NM NM NM NM NM NM NM NM NM NM NM NM NM NM NM NM NM NM
[2737] NM NM NM NM NY NY NY NY NY NY NY NY NY NY NY NY NY NY NY NY NY NY NY NY
[2761] NY NY NY NY NY NY NY NY NY NY NY NY NY NY NY NY NY NY NY NY NY NY NY NY
[2785] NY NY NY NY NY NY NY NY NY NY NY NY NY NY NY NY NY NY NY NY NY NY NY NY
[2809] NY NY NY NY NY NY NY NY NY NY NY NY NY NY NY NY NY NY NY NY NY NY NY NY
[2833] NY NY NY NY NY NY NY NY NY NY NY NY NY NY NY NY NY NY NY NY NY NY NY NY
[2857] NY NY NY NY NY NY NY NY NY NY NY NY NY NY NY NY NY NY NY NY NY NY NY NY
[2881] NY NY NY NY NY NY NY NY NY NY NY NY NY NY NY NY NY NY NY NY NY NY NY NY
[2905] NY NY NY NY NY NY NY NY NY NY NY NY NY NY NY NY NY NY NY NY NY NC NC NC
[2929] NC NC NC NC NC NC NC NC NC NC NC NC NC NC NC NC NC NC NC NC NC NC NC NC
[2953] NC NC NC NC NC NC NC NC NC NC NC NC NC NC NC NC NC NC NC NC NC NC NC NC
[2977] NC NC NC NC NC NC NC NC NC NC NC NC NC NC NC NC NC NC NC NC NC NC NC NC
[3001] NC NC NC NC NC NC NC NC NC NC NC NC NC NC NC NC NC NC NC NC NC NC NC NC
[3025] NC NC NC NC NC NC NC NC NC NC NC NC NC ND ND ND ND ND ND ND ND ND ND ND
[3049] ND ND ND ND ND ND ND ND ND ND ND ND ND ND ND ND ND ND ND ND ND ND ND ND
[3073] ND OH OH OH OH OH OH OH OH OH OH OH OH OH OH OH OH OH OH OH OH OH OH OH
[3097] OH OH OH OH OH OH OH OH OH OH OH OH OH OH OH OH OH OH OH OH OH OH OH OH
[3121] OH OH OH OH OH OH OH OH OH OH OH OH OH OH OH OH OH OH OH OH OH OH OH OH
[3145] OH OH OH OH OH OH OH OH OH OH OH OH OH OH OH OH OH OH OH OH OH OH OH OH
[3169] OH OH OH OH OH OH OH OH OH OH OH OH OH OH OH OH OH OH OH OH OH OH OH OH
[3193] OH OH OH OH OH OH OH OH OH OH OH OH OH OH OH OH OH OH OH OH OH OH OH OH
[3217] OH OH OH OH OH OH OH OH OH OH OH OH OH OH OH OH OH OH OH OH OH OH OH OH
[3241] OH OH OH OK OK OK OK OK OK OK OK OK OK OK OK OK OK OK OK OK OK OK OK OK
[3265] OK OK OK OK OK OK OK OK OK OK OK OK OK OK OK OK OK OK OK OK OK OK OK OK
[3289] OK OK OK OK OK OK OK OK OK OK OK OK OK OK OK OK OK OK OK OK OK OK OK OK
[3313] OK OK OK OK OK OK OK OK OK OK OK OK OK OK OK OK OK OK OK OK OK OK OK OK
[3337] OK OK OK OK OK OK OK OK OK OK OK OK OK OK OK OK OK OK OK OK OK OK OK OK
[3361] OK OK OK OK OK OK OK OK OK OR OR OR OR OR OR OR OR OR OR OR OR OR OR OR
[3385] OR OR OR OR OR OR OR OR OR OR OR OR OR OR OR OR OR OR OR OR OR OR OR OR
[3409] OR OR OR OR OR OR OR OR OR OR OR OR OR OR OR OR OR OR OR OR PA PA PA PA
[3433] PA PA PA PA PA PA PA PA PA PA PA PA PA PA PA PA PA PA PA PA PA PA PA PA
[3457] PA PA PA PA PA PA PA PA PA PA PA PA PA PA PA PA PA PA PA PA PA PA PA PA
[3481] PA PA PA PA PA PA PA PA PA PA PA PA PA PA PA PA PA PA PA PA PA PA PA PA
[3505] PA PA PA PA PA PA PA PA PA PA PA PA PA PA PA PA PA PA PA PA PA PA PA PA
[3529] PA PA PA PA PA PA PA PA PA PA PA PA PA PA PA PA PA PA PA PA PA PA PA PA
[3553] PA PA PA PA PA PA PA PA PA PA PA PA PA PA PA PA PA PA PA PA PA PA PA PA
[3577] PA PA PA PA PA PA PA PA PA PA PA PA PA PA PA PA PA PA PA PA PA PA PA PA
[3601] PA PA PA PR PR PR PR PR PR PR PR PR PR PR PR PR PR PR PR PR PR PR PR PR
[3625] PR PR PR PR PR PR PR PR PR PR PR PR PR PR PR PR PR PR PR PR PR PR PR PR
[3649] PR PR PR PR PR PR RI RI RI RI RI RI RI RI RI RI RI RI SC SC SC SC SC SC
[3673] SC SC SC SC SC SC SC SC SC SC SC SC SC SC SC SC SC SC SC SC SC SC SC SC
[3697] SC SC SC SC SC SC SC SC SC SC SC SC SC SC SC SC SC SC SC SC SC SC SC SC
[3721] SC SC SC SC SC SC SC SC SC SD SD SD SD SD SD SD SD SD SD SD SD SD SD SD
[3745] SD SD SD SD SD SD SD SD SD SD SD SD SD SD SD SD SD SD SD SD SD SD SD SD
[3769] SD SD SD SD SD SD SD SD SD TN TN TN TN TN TN TN TN TN TN TN TN TN TN TN
[3793] TN TN TN TN TN TN TN TN TN TN TN TN TN TN TN TN TN TN TN TN TN TN TN TN
[3817] TN TN TN TN TN TN TN TN TN TN TN TN TN TN TN TN TN TN TN TN TN TN TN TN
[3841] TN TN TN TN TN TN TN TN TN TN TN TN TN TN TN TN TN TN TN TN TN TN TN TN
[3865] TN TN TN TN TN TN TN TN TN TN TN TN TN TN TN TN TN TN TN TN TN TN TN TN
[3889] TN TN TN TN TN TX TX TX TX TX TX TX TX TX TX TX TX TX TX TX TX TX TX TX
[3913] TX TX TX TX TX TX TX TX TX TX TX TX TX TX TX TX TX TX TX TX TX TX TX TX
[3937] TX TX TX TX TX TX TX TX TX TX TX TX TX TX TX TX TX TX TX TX TX TX TX TX
[3961] TX TX TX TX TX TX TX TX TX TX TX TX TX TX TX TX TX TX TX TX TX TX TX TX
[3985] TX TX TX TX TX TX TX TX TX TX TX TX TX TX TX TX TX TX TX TX TX TX TX TX
[4009] TX TX TX TX TX TX TX TX TX TX TX TX TX TX TX TX TX TX TX TX TX TX TX TX
[4033] TX TX TX TX TX TX TX TX TX TX TX TX TX TX TX TX TX TX TX TX TX TX TX TX
[4057] TX TX TX TX TX TX TX TX TX TX TX TX TX TX TX TX TX TX TX TX TX TX TX TX
[4081] TX TX TX TX TX TX TX TX TX TX TX TX TX TX TX TX TX TX TX TX TX TX TX TX
[4105] TX TX TX TX TX TX TX TX TX TX TX TX TX TX TX TX TX TX TX TX TX TX TX TX
[4129] TX TX TX TX TX TX TX TX TX TX TX TX TX TX TX TX TX TX TX TX TX TX TX TX
[4153] TX TX TX TX TX TX TX TX TX TX TX TX TX TX TX TX TX TX TX TX TX TX TX TX
[4177] TX TX TX TX TX TX TX TX TX TX TX TX TX TX TX TX TX TX TX TX TX TX TX TX
[4201] TX TX TX TX TX TX TX TX TX TX TX TX TX TX TX TX TX TX TX UT UT UT UT UT
[4225] UT UT UT UT UT UT UT UT UT UT UT UT UT UT UT UT UT UT UT UT UT UT UT UT
[4249] UT UT UT UT UT UT UT UT UT UT UT UT UT VT VT VT VT VT VT VT VT VT VT VT
[4273] VT VT VT VT VI VI VA VA VA VA VA VA VA VA VA VA VA VA VA VA VA VA VA VA
[4297] VA VA VA VA VA VA VA VA VA VA VA VA VA VA VA VA VA VA VA VA VA VA VA VA
[4321] VA VA VA VA VA VA VA VA VA VA VA VA VA VA VA VA VA VA VA VA VA VA VA VA
[4345] VA VA VA VA VA VA VA VA VA VA VA VA VA VA VA VA VA VA VA VA VA WA WA WA
[4369] WA WA WA WA WA WA WA WA WA WA WA WA WA WA WA WA WA WA WA WA WA WA WA WA
[4393] WA WA WA WA WA WA WA WA WA WA WA WA WA WA WA WA WA WA WA WA WA WA WA WA
[4417] WA WA WA WA WA WA WA WA WA WA WA WA WA WA WA WA WA WA WA WA WA WA WA WA
[4441] WA WA WA WA WA WA WA WA WA WA WA WA WA WV WV WV WV WV WV WV WV WV WV WV
[4465] WV WV WV WV WV WV WV WV WV WV WV WV WV WV WV WV WV WV WV WV WV WV WV WV
[4489] WV WV WV WV WV WV WV WV WV WV WV WV WV WV WV WV WV WV WV WI WI WI WI WI
[4513] WI WI WI WI WI WI WI WI WI WI WI WI WI WI WI WI WI WI WI WI WI WI WI WI
[4537] WI WI WI WI WI WI WI WI WI WI WI WI WI WI WI WI WI WI WI WI WI WI WI WI
[4561] WI WI WI WI WI WI WI WI WI WI WI WI WI WI WI WI WI WI WI WI WI WI WI WI
[4585] WI WI WI WI WI WI WI WI WI WI WI WI WI WI WI WI WI WI WI WI WI WI WI WI
[4609] WI WI WI WI WI WI WI WI WI WI WI WI WI WI WI WI WI WI WI WI WI WI WI WI
[4633] WY WY WY WY WY WY WY WY WY WY WY WY WY WY WY WY WY WY WY WY WY WY WY WY
[4657] WY WY WY WY WY GU TX TX TX TX TX TX TX TX TX TX TX TX TX TX TX TX TX TX
[4681] TX TX TX TX TX TX TX TX TX TX TX TX TX TX TX TX TX TX TX TX TX TX TX TX
[4705] TX TX
54 Levels: AK AL AR AZ CA CO CT DC DE FL GA GU HI IA ID IL IN KS KY LA ... WY
> source("best1.R")
> best1()
Error in "heart attack" | "heart failure" : 
  operations are possible only for numeric, logical or complex types
> source("best1.R")
Error in source("best1.R") : best1.R:10:53: unexpected '[['
9:                                 state = all$State
10:                                 outcome = all[[11]]|[[
                                                        ^
> source("best1.R")
Error in source("best1.R") : best1.R:10:49: unexpected '[['
9:                                 state = all$State
10:                                 outcome = all[, [[
                                                    ^
> source("best1.R")
Error in source("best1.R") : best1.R:10:49: unexpected '['
9:                                 state = all$State
10:                                 outcome = all[, [
                                                    ^
> source("best1.R")
> best1("AK","heart attack")
> source("best1.R")
> best1("AK","heart attack")
> names(all)<-c("Hospital.Name","State","heart attack","heart failure","pneumonia")
> names(all)
[1] "Hospital.Name" "State"         "heart attack"  "heart failure"
[5] "pneumonia"    
> head(all)
                     Hospital.Name State  heart attack heart failure pneumonia
1 SOUTHEAST ALABAMA MEDICAL CENTER    AL          14.3          11.4      17.1
2    MARSHALL MEDICAL CENTER SOUTH    AL          18.5          15.2      17.6
3   ELIZA COFFEE MEMORIAL HOSPITAL    AL          18.1          11.3      16.9
4         MIZELL MEMORIAL HOSPITAL    AL Not Available          13.6      19.4
5      CRENSHAW COMMUNITY HOSPITAL    AL Not Available          13.8      18.0
6    MARSHALL MEDICAL CENTER NORTH    AL Not Available          12.5      18.7
> 

